login as: thochen
Pre-authentication banner message from server:
| Access to Brooklyn College computers is restricted to authorized users
|         and approved educational and research purposes, only.
End of banner message from server
thochen@146.245.252.28's password:
Last login: Mon Oct  5 00:14:13 2020 from pool-108-46-44-78.nycmny.fios.verizon.net
[thochen@sol28 ~]$ ls
Desktop    Downloads  Music  Pictures  Templates
Documents  Lab5       NLab5  Public    Videos
[thochen@sol28 ~]$ cd Desktop/
[thochen@sol28 Desktop]$ ls
[thochen@sol28 Desktop]$ mkdir Repo1
[thochen@sol28 Desktop]$ nano
[thochen@sol28 Desktop]$ javac HelloWorld.java
[thochen@sol28 Desktop]$ java HelloWorld
Hello World
[thochen@sol28 Desktop]$ ls
HelloWorld.class  HelloWorld.java  Repo1
[thochen@sol28 Desktop]$ mv HelloWorld.java Repo1/
[thochen@sol28 Desktop]$ mv HelloWorld.class Repo1/
[thochen@sol28 Desktop]$ ls
Repo1
[thochen@sol28 Desktop]$ cd Repo1/
[thochen@sol28 Repo1]$ ls
HelloWorld.class  HelloWorld.java
[thochen@sol28 Repo1]$ java HelloWorld
Hello World
[thochen@sol28 Repo1]$ ls
HelloWorld.class  HelloWorld.java
[thochen@sol28 Repo1]$ git clone https://github.com/MemeLords1/CISC-3140.git
Cloning into 'CISC-3140'...
remote: Enumerating objects: 121, done.
remote: Counting objects: 100% (121/121), done.
remote: Compressing objects: 100% (94/94), done.
remote: Total 121 (delta 28), reused 16 (delta 2), pack-reused 0
Receiving objects: 100% (121/121), 59.37 KiB | 0 bytes/s, done.
Resolving deltas: 100% (28/28), done.
[thochen@sol28 Repo1]$ ls
CISC-3140  HelloWorld.class  HelloWorld.java
[thochen@sol28 Repo1]$ cd CISC-3140/
[thochen@sol28 CISC-3140]$ ls
Lab #5
[thochen@sol28 CISC-3140]$ git init Lab\ #6
lInitialized empty Git repository in /users1/st/thochen/Desktop/Repo1/CISC-3140/Lab #6/.git/
[thochen@sol28 CISC-3140]$ ls
Lab #5  Lab #6
[thochen@sol28 CISC-3140]$ cd ..
[thochen@sol28 Repo1]$ ls
CISC-3140  HelloWorld.class  HelloWorld.java
[thochen@sol28 Repo1]$ mv HelloWorld.java CISC-3140/Lab\ #6
[thochen@sol28 Repo1]$ ls
CISC-3140  HelloWorld.class
[thochen@sol28 Repo1]$ cd CISC-3140/
[thochen@sol28 CISC-3140]$ cd Lab\ #6
[thochen@sol28 Lab #6]$ ls
HelloWorld.java
[thochen@sol28 Lab #6]$ nano HelloWorld.java
[thochen@sol28 Lab #6]$ ls
HelloWorld.java
[thochen@sol28 Lab #6]$ javac HelloWorld.java
[thochen@sol28 Lab #6]$ java HelloWorld
Edit Hello : Today is 10/4/2020
[thochen@sol28 Lab #6]$ ls
HelloWorld.class  HelloWorld.java
[thochen@sol28 Lab #6]$ git add .
[thochen@sol28 Lab #6]$ git commit -m "Edit World"
[master (root-commit) 3c0aa7e] Edit World
 2 files changed, 5 insertions(+)
 create mode 100644 HelloWorld.class
 create mode 100644 HelloWorld.java
[thochen@sol28 Lab #6]$ git push
fatal: No configured push destination.
Either specify the URL from the command-line or configure a remote repository using

    git remote add <name> <url>

and then push using the remote name

    git push <name>

[thochen@sol28 Lab #6]$ git push https://github.com/MemeLords1/CISC-3140.git
warning: push.default is unset; its implicit value is changing in
Git 2.0 from 'matching' to 'simple'. To squelch this message
and maintain the current behavior after the default changes, use:

  git config --global push.default matching

To squelch this message and adopt the new behavior now, use:

  git config --global push.default simple

See 'git help config' and search for 'push.default' for further information.
(the 'simple' mode was introduced in Git 1.7.11. Use the similar mode
'current' instead of 'simple' if you sometimes use older versions of Git)

Username for 'https://github.com': MemeLords1
Password for 'https://MemeLords1@github.com':
To https://github.com/MemeLords1/CISC-3140.git
 ! [rejected]        master -> master (fetch first)
error: failed to push some refs to 'https://github.com/MemeLords1/CISC-3140.git'
hint: Updates were rejected because the remote contains work that you do
hint: not have locally. This is usually caused by another repository pushing
hint: to the same ref. You may want to first merge the remote changes (e.g.,
hint: 'git pull') before pushing again.
hint: See the 'Note about fast-forwards' in 'git push --help' for details.
[thochen@sol28 Lab #6]$ cd ..
[thochen@sol28 CISC-3140]$ ls
Lab #5  Lab #6
[thochen@sol28 CISC-3140]$ git push
warning: push.default is unset; its implicit value is changing in
Git 2.0 from 'matching' to 'simple'. To squelch this message
and maintain the current behavior after the default changes, use:

  git config --global push.default matching

To squelch this message and adopt the new behavior now, use:

  git config --global push.default simple

See 'git help config' and search for 'push.default' for further information.
(the 'simple' mode was introduced in Git 1.7.11. Use the similar mode
'current' instead of 'simple' if you sometimes use older versions of Git)

Username for 'https://github.com': MemeLords1
Password for 'https://MemeLords1@github.com':
Everything up-to-date
[thochen@sol28 CISC-3140]$ ls
Lab #5  Lab #6
[thochen@sol28 CISC-3140]$ git add Lab\ #6/
[thochen@sol28 CISC-3140]$ git commit -m "Edit World"
[master 7877bdc] Edit World
 2 files changed, 5 insertions(+)
 create mode 100644 Lab #6/HelloWorld.class
 create mode 100644 Lab #6/HelloWorld.java
[thochen@sol28 CISC-3140]$ git push
warning: push.default is unset; its implicit value is changing in
Git 2.0 from 'matching' to 'simple'. To squelch this message
and maintain the current behavior after the default changes, use:

  git config --global push.default matching

To squelch this message and adopt the new behavior now, use:

  git config --global push.default simple

See 'git help config' and search for 'push.default' for further information.
(the 'simple' mode was introduced in Git 1.7.11. Use the similar mode
'current' instead of 'simple' if you sometimes use older versions of Git)

Username for 'https://github.com': MemeLords1
Password for 'https://MemeLords1@github.com':
Counting objects: 6, done.
Delta compression using up to 8 threads.
Compressing objects: 100% (5/5), done.
Writing objects: 100% (5/5), 786 bytes | 0 bytes/s, done.
Total 5 (delta 0), reused 0 (delta 0)
To https://github.com/MemeLords1/CISC-3140.git
   1cab5f1..7877bdc  master -> master
[thochen@sol28 CISC-3140]$
